
> barcodes-printer@0.1.0 build
> next build

▲ Next.js 16.2.4 (Turbopack)

  Creating an optimized production build ...
Error: Cannot apply unknown utility class `text-foreground`
    [2m[at onInvalidCandidate (/Users/ericwatyekele/Research/AI2026/barcodes-printer/node_modules/tailwindcss/dist/lib.js:21:1511)][0m
    [2m[at Ne (/Users/ericwatyekele/Research/AI2026/barcodes-printer/node_modules/tailwindcss/dist/lib.js:16:38252)][0m
    [2m[at /Users/ericwatyekele/Research/AI2026/barcodes-printer/node_modules/tailwindcss/dist/lib.js:21:355][0m
    [2m[at Ur (/Users/ericwatyekele/Research/AI2026/barcodes-printer/node_modules/tailwindcss/dist/lib.js:3:1733)][0m
    [2m[at I (/Users/ericwatyekele/Research/AI2026/barcodes-printer/node_modules/tailwindcss/dist/lib.js:3:1377)][0m
    [2m[at Ee (/Users/ericwatyekele/Research/AI2026/barcodes-printer/node_modules/tailwindcss/dist/lib.js:21:172)][0m
    [2m[at vn (/Users/ericwatyekele/Research/AI2026/barcodes-printer/node_modules/tailwindcss/dist/lib.js:38:294)][0m
    [2m[at async kn (/Users/ericwatyekele/Research/AI2026/barcodes-printer/node_modules/tailwindcss/dist/lib.js:38:631)][0m
    [2m[at async Xr (/Users/ericwatyekele/Research/AI2026/barcodes-printer/node_modules/@tailwindcss/node/dist/index.js:10:3415)][0m
    [2m[at async E (/Users/ericwatyekele/Research/AI2026/barcodes-printer/node_modules/@tailwindcss/postcss/dist/index.js:10:3979)][0m

> Build error occurred
Error: Turbopack build failed with 1 errors:
./src/app/globals.css
Error evaluating Node.js code
CssSyntaxError: tailwindcss: /Users/ericwatyekele/Research/AI2026/barcodes-printer/src/app/globals.css:1:1: Cannot apply unknown utility class `text-foreground`
    at Input.error (node_modules/postcss/lib/input.js:135:16) [/Users/ericwatyekele/Research/AI2026/barcodes-printer/.next/build/chunks/node_modules_13sb.px._.js:4699:22]
    at error (node_modules/postcss/lib/node.js:146:32) [/Users/ericwatyekele/Research/AI2026/barcodes-printer/.next/build/chunks/node_modules_13sb.px._.js:961:38]
    [at Object.Once (/Users/ericwatyekele/Research/AI2026/barcodes-printer/node_modules/@tailwindcss/postcss/dist/index.js:10:6913)]
    at async LazyResult.runAsync (node_modules/postcss/lib/lazy-result.js:293:11) [/Users/ericwatyekele/Research/AI2026/barcodes-printer/.next/build/chunks/node_modules_13sb.px._.js:6262:21]
    at async transform (turbopack:///[turbopack-node]/transforms/postcss.ts:70:34) [/Users/ericwatyekele/Research/AI2026/barcodes-printer/.next/build/chunks/[root-of-the-server]__0d-m0h0._.js:146:36]
    at async run (turbopack:///[turbopack-node]/child_process/evaluate.ts:89:23) [/Users/ericwatyekele/Research/AI2026/barcodes-printer/.next/build/chunks/[root-of-the-server]__0ubbtyl._.js:443:31]

Import trace:
  Client Component Browser:
    ./src/app/globals.css [Client Component Browser]
    ./src/app/layout.tsx [Server Component]


    at async transform (turbopack:///[turbopack-node]/transforms/postcss.ts:70:34) [/Users/ericwatyekele/Research/AI2026/barcodes-printer/.next/build/chunks/[root-of-the-server]__0d-m0h0._.js:146:36])
    at async run (turbopack:///[turbopack-node]/child_process/evaluate.ts:89:23) [/Users/ericwatyekele/Research/AI2026/barcodes-printer/.next/build/chunks/[root-of-the-server]__0ubbtyl._.js:443:31])
